// Vitest Snapshot v1, https://vitest.dev/guide/snapshot.html

exports[`Pruebas en el About View > debe renderizar el componente correctamente  1`] = `
"<div class=\\"about\\">
  <h1>This is an about page</h1>
</div>"
`;
